// Jest Snapshot v1, https://goo.gl/fbAQLP

exports[`Create Customer  should render correctly  1`] = `
<DocumentFragment>
  <input
    data-testid="fname"
    placeholder="First Name"
    type="text"
    value=""
  />
  <input
    data-testid="lname"
    placeholder="Last Name"
    type="text"
    value=""
  />
  <input
    data-testid="city"
    placeholder="City"
    type="text"
    value=""
  />
  <button
    class="btn btn-primary"
    data-testid="addButton"
  >
     Add Customer 
  </button>
  <br />
</DocumentFragment>
`;
